// Jest Snapshot v1, https://goo.gl/fbAQLP

exports[`matches snapshot 1`] = `
<input
  className="sc-bdVaJa kiitDh"
  data-testid="searchfield"
  onChange={[Function]}
/>
`;
